<!DOCTYPE html>
<html>
  <head>
    <meta charset="utf-8">
    <title>Example</title>
    <link rel="stylesheet" href="css/index.css">
  </head>
  <body>
    <h1>Example title</h1>
    <script src="js/vendor/lib.js"></script>
    <script src="js/index.js"></script>
  </body>
</html>